============================================================
VoiceOps MVP Test
============================================================

[TRANSCRIPT]
   ╪º╪▓ ╪│╪º╪╣╪¬ █▒█╕:█░█╡ ╪¿╪╣╪» ╪º╪▓ ╪»█î┘╛┘ä┘ê█î ╪¼╪»█î╪»╪î checkout-api ╪¬┘ê█î ┘╛╪▒┘ê╪»╪º┌⌐╪┤┘å █╡█░█░ ┘à█îΓÇî╪»┘ç╪». ┘à╪┤╪¬╪▒█îΓÇî┘ç╪º ┘å┘à█îΓÇî╪¬┘ê┘å┘å ┘╛╪▒╪»╪º╪«╪¬ ┌⌐┘å┘å.

[PROCESSING]...

[OK] Incident created successfully!
[OK] Schema validation passed!

============================================================
Generated JSON:
============================================================
{
  "schema_version": "1.0.0",
  "incident_id": "5e4e17b9-e20e-4f3c-9676-31b8ac5fa0bc",
  "source": {
    "channel": "voice",
    "vendor": "vapi",
    "call_id": "test_mvp_001"
  },
  "occurred_at": "2025-12-19T19:34:12.831295+00:00",
  "reported_at": "2025-12-19T19:34:12.831295+00:00",
  "timezone": "Europe/Berlin",
  "title": "╪º╪▓ ╪│╪º╪╣╪¬ █▒█╕:█░█╡ ╪¿╪╣╪» ╪º╪▓ ╪»█î┘╛┘ä┘ê█î ╪¼╪»█î╪»╪î checkout-api ╪¬┘ê█î ┘╛╪▒┘ê╪»╪º┌⌐╪┤┘å █╡█░█░ ┘à█îΓÇî╪»┘ç╪». ┘à╪┤╪¬╪▒█îΓÇî┘ç╪º ┘å┘à█îΓÇî╪¬┘ê┘å┘å ┘╛╪▒╪»╪º╪«╪¬ ┌⌐┘å┘å.",
  "summary": "╪º╪▓ ╪│╪º╪╣╪¬ █▒█╕:█░█╡ ╪¿╪╣╪» ╪º╪▓ ╪»█î┘╛┘ä┘ê█î ╪¼╪»█î╪»╪î checkout-api ╪¬┘ê█î ┘╛╪▒┘ê╪»╪º┌⌐╪┤┘å █╡█░█░ ┘à█îΓÇî╪»┘ç╪». ┘à╪┤╪¬╪▒█îΓÇî┘ç╪º ┘å┘à█îΓÇî╪¬┘ê┘å┘å ┘╛╪▒╪»╪º╪«╪¬ ┌⌐┘å┘å.",
  "category": "service_outage",
  "severity": "sev1",
  "status": "new",
  "location": {
    "site": "unknown"
  },
  "systems": [
    {
      "name": "unknown",
      "environment": "unknown"
    }
  ],
  "tags": [],
  "pii": {
    "contains_pii": false,
    "redaction_applied": false
  },
  "confidence": 0.7
}

============================================================
Key Fields:
============================================================
Title: ╪º╪▓ ╪│╪º╪╣╪¬ █▒█╕:█░█╡ ╪¿╪╣╪» ╪º╪▓ ╪»█î┘╛┘ä┘ê█î ╪¼╪»█î╪»╪î checkout-api ╪¬┘ê█î ┘╛╪▒┘ê╪»╪º┌⌐╪┤┘å █╡█░█░ ┘à█îΓÇî╪»┘ç╪». ┘à╪┤╪¬╪▒█îΓÇî┘ç╪º ┘å┘à█îΓÇî╪¬┘ê┘å┘å ┘╛╪▒╪»╪º╪«╪¬ ┌⌐┘å┘å.
Category: service_outage
Severity: sev1
Status: new
Confidence: 0.7
PII Detected: False

============================================================
[SUCCESS] MVP is working!
============================================================
